[0.012s] Invoking command in '/home/haruki/dev_ws/build/tutorial_interfaces': /usr/bin/cmake /home/haruki/dev_ws/src/tutorial_interfaces -DCMAKE_INSTALL_PREFIX=/home/haruki/dev_ws/install/tutorial_interfaces
[0.044s] -- Found ament_cmake: 0.9.6 (/opt/ros/foxy/share/ament_cmake/cmake)
[0.064s] -- Using PYTHON_EXECUTABLE: /usr/bin/python3
[0.212s] -- Found ament_lint_auto: 0.9.5 (/opt/ros/foxy/share/ament_lint_auto/cmake)
[0.248s] Error parsing '/home/haruki/dev_ws/src/tutorial_interfaces/package.xml':
[0.281s] Traceback (most recent call last):
[0.281s]   File "/usr/lib/python3/dist-packages/catkin_pkg/package.py", line 596, in parse_package_string
[0.281s]     root = dom.parseString(data)
[0.281s]   File "/usr/lib/python3.8/xml/dom/minidom.py", line 1969, in parseString
[0.281s]     return expatbuilder.parseString(string)
[0.282s]   File "/usr/lib/python3.8/xml/dom/expatbuilder.py", line 925, in parseString
[0.282s]     return builder.parseString(string)
[0.282s]   File "/usr/lib/python3.8/xml/dom/expatbuilder.py", line 223, in parseString
[0.282s]     parser.Parse(string, True)
[0.282s] xml.parsers.expat.ExpatError: junk after document element: line 20, column 0
[0.282s] 
[0.282s] During handling of the above exception, another exception occurred:
[0.282s] 
[0.282s] Traceback (most recent call last):
[0.282s]   File "/opt/ros/foxy/share/ament_cmake_core/cmake/core/package_xml_2_cmake.py", line 143, in <module>
[0.282s]     main()
[0.282s]   File "/opt/ros/foxy/share/ament_cmake_core/cmake/core/package_xml_2_cmake.py", line 52, in main
[0.282s]     raise e
[0.282s]   File "/opt/ros/foxy/share/ament_cmake_core/cmake/core/package_xml_2_cmake.py", line 48, in main
[0.282s]     package = parse_package_string(
[0.282s]   File "/usr/lib/python3/dist-packages/catkin_pkg/package.py", line 598, in parse_package_string
[0.282s]     raise InvalidPackage('The manifest contains invalid XML:\n%s' % ex, filename)
[0.282s] catkin_pkg.package.InvalidPackage: Error(s) in package '/home/haruki/dev_ws/src/tutorial_interfaces/package.xml':
[0.282s] The manifest contains invalid XML:
[0.282s] junk after document element: line 20, column 0
[0.288s] CMake Error at /opt/ros/foxy/share/ament_cmake_core/cmake/core/ament_package_xml.cmake:94 (message):
[0.289s]   execute_process(/usr/bin/python3
[0.289s]   /opt/ros/foxy/share/ament_cmake_core/cmake/core/package_xml_2_cmake.py
[0.289s]   /home/haruki/dev_ws/src/tutorial_interfaces/package.xml
[0.289s]   /home/haruki/dev_ws/build/tutorial_interfaces/ament_cmake_core/package.cmake)
[0.289s]   returned error code 1
[0.289s] Call Stack (most recent call first):
[0.289s]   /opt/ros/foxy/share/ament_cmake_core/cmake/core/ament_package_xml.cmake:49 (_ament_package_xml)
[0.289s]   /opt/ros/foxy/share/ament_lint_auto/cmake/ament_lint_auto_find_test_dependencies.cmake:31 (ament_package_xml)
[0.289s]   CMakeLists.txt:32 (ament_lint_auto_find_test_dependencies)
[0.289s] 
[0.290s] 
[0.290s] -- Configuring incomplete, errors occurred!
[0.290s] See also "/home/haruki/dev_ws/build/tutorial_interfaces/CMakeFiles/CMakeOutput.log".
[0.292s] Invoked command in '/home/haruki/dev_ws/build/tutorial_interfaces' returned '1': /usr/bin/cmake /home/haruki/dev_ws/src/tutorial_interfaces -DCMAKE_INSTALL_PREFIX=/home/haruki/dev_ws/install/tutorial_interfaces
