[0.000000] (-) TimerEvent: {}
[0.000173] (-) JobUnselected: {'identifier': 'my_package'}
[0.000230] (-) JobUnselected: {'identifier': 'py_pubsub'}
[0.000275] (-) JobUnselected: {'identifier': 'py_srvcli'}
[0.000292] (-) JobUnselected: {'identifier': 'turtlesim'}
[0.000306] (tutorial_interfaces) JobQueued: {'identifier': 'tutorial_interfaces', 'dependencies': OrderedDict()}
[0.000321] (tutorial_interfaces) JobStarted: {'identifier': 'tutorial_interfaces'}
[0.010089] (tutorial_interfaces) JobProgress: {'identifier': 'tutorial_interfaces', 'progress': 'cmake'}
[0.011033] (tutorial_interfaces) Command: {'cmd': ['/usr/bin/cmake', '/home/haruki/dev_ws/src/tutorial_interfaces', '-DCMAKE_INSTALL_PREFIX=/home/haruki/dev_ws/install/tutorial_interfaces'], 'cwd': '/home/haruki/dev_ws/build/tutorial_interfaces', 'env': OrderedDict([('GJS_DEBUG_TOPICS', 'JS ERROR;JS LOG'), ('LESSOPEN', '| /usr/bin/lesspipe %s'), ('LANGUAGE', 'ja:en'), ('USER', 'haruki'), ('LC_TIME', 'ja_JP.UTF-8'), ('SSH_AGENT_PID', '2253'), ('XDG_SESSION_TYPE', 'x11'), ('SHLVL', '1'), ('LD_LIBRARY_PATH', '/home/haruki/dev_ws/install/turtlesim/lib:/usr/lib/x86_64-linux-gnu/gazebo-11/plugins:/opt/ros/foxy/opt/yaml_cpp_vendor/lib:/opt/ros/foxy/opt/rviz_ogre_vendor/lib:/opt/ros/foxy/lib/x86_64-linux-gnu:/opt/rti.com/rti_connext_dds-5.3.1/lib/x64Linux3gcc5.4.0:/opt/ros/foxy/lib'), ('QT4_IM_MODULE', 'ibus'), ('HOME', '/home/haruki'), ('OLDPWD', '/home/haruki/dev_ws/src'), ('DESKTOP_SESSION', 'ubuntu'), ('ROS_PYTHON_VERSION', '3'), ('GNOME_SHELL_SESSION_MODE', 'ubuntu'), ('GTK_MODULES', 'gail:atk-bridge'), ('NDDSHOME', '/opt/rti.com/rti_connext_dds-5.3.1'), ('LC_MONETARY', 'ja_JP.UTF-8'), ('MANAGERPID', '1911'), ('DBUS_SESSION_BUS_ADDRESS', 'unix:path=/run/user/1000/bus'), ('COLORTERM', 'truecolor'), ('IM_CONFIG_PHASE', '1'), ('COLCON_PREFIX_PATH', '/home/haruki/dev_ws/install'), ('ROS_DISTRO', 'foxy'), ('GTK_IM_MODULE', 'ibus'), ('LOGNAME', 'haruki'), ('JOURNAL_STREAM', '9:49155'), ('_', '/usr/bin/colcon'), ('ROS_VERSION', '2'), ('XDG_SESSION_CLASS', 'user'), ('USERNAME', 'haruki'), ('TERM', 'xterm-256color'), ('GNOME_DESKTOP_SESSION_ID', 'this-is-deprecated'), ('ROS_LOCALHOST_ONLY', '0'), ('WINDOWPATH', '2'), ('PATH', '/opt/rti.com/rti_connext_dds-5.3.1/lib/x64Linux3gcc5.4.0:/opt/rti.com/rti_connext_dds-5.3.1/bin:/opt/ros/foxy/bin:/usr/local/sbin:/usr/local/bin:/usr/sbin:/usr/bin:/sbin:/bin:/usr/games:/usr/local/games:/snap/bin'), ('SESSION_MANAGER', 'local/haruki-ubuntu:@/tmp/.ICE-unix/2358,unix/haruki-ubuntu:/tmp/.ICE-unix/2358'), ('INVOCATION_ID', '01a32c28150e41018a3803d524c2b229'), ('PAPERSIZE', 'a4'), ('XDG_MENU_PREFIX', 'gnome-'), ('LC_ADDRESS', 'ja_JP.UTF-8'), ('GNOME_TERMINAL_SCREEN', '/org/gnome/Terminal/screen/ee03dcf1_33c6_4233_8f38_98e8a6523ffb'), ('XDG_RUNTIME_DIR', '/run/user/1000'), ('DISPLAY', ':1'), ('LANG', 'ja_JP.UTF-8'), ('XDG_CURRENT_DESKTOP', 'ubuntu:GNOME'), ('LC_TELEPHONE', 'ja_JP.UTF-8'), ('XMODIFIERS', '@im=ibus'), ('XDG_SESSION_DESKTOP', 'ubuntu'), ('XAUTHORITY', '/run/user/1000/gdm/Xauthority'), ('LS_COLORS', 'rs=0:di=01;34:ln=01;36:mh=00:pi=40;33:so=01;35:do=01;35:bd=40;33;01:cd=40;33;01:or=40;31;01:mi=00:su=37;41:sg=30;43:ca=30;41:tw=30;42:ow=34;42:st=37;44:ex=01;32:*.tar=01;31:*.tgz=01;31:*.arc=01;31:*.arj=01;31:*.taz=01;31:*.lha=01;31:*.lz4=01;31:*.lzh=01;31:*.lzma=01;31:*.tlz=01;31:*.txz=01;31:*.tzo=01;31:*.t7z=01;31:*.zip=01;31:*.z=01;31:*.dz=01;31:*.gz=01;31:*.lrz=01;31:*.lz=01;31:*.lzo=01;31:*.xz=01;31:*.zst=01;31:*.tzst=01;31:*.bz2=01;31:*.bz=01;31:*.tbz=01;31:*.tbz2=01;31:*.tz=01;31:*.deb=01;31:*.rpm=01;31:*.jar=01;31:*.war=01;31:*.ear=01;31:*.sar=01;31:*.rar=01;31:*.alz=01;31:*.ace=01;31:*.zoo=01;31:*.cpio=01;31:*.7z=01;31:*.rz=01;31:*.cab=01;31:*.wim=01;31:*.swm=01;31:*.dwm=01;31:*.esd=01;31:*.jpg=01;35:*.jpeg=01;35:*.mjpg=01;35:*.mjpeg=01;35:*.gif=01;35:*.bmp=01;35:*.pbm=01;35:*.pgm=01;35:*.ppm=01;35:*.tga=01;35:*.xbm=01;35:*.xpm=01;35:*.tif=01;35:*.tiff=01;35:*.png=01;35:*.svg=01;35:*.svgz=01;35:*.mng=01;35:*.pcx=01;35:*.mov=01;35:*.mpg=01;35:*.mpeg=01;35:*.m2v=01;35:*.mkv=01;35:*.webm=01;35:*.ogm=01;35:*.mp4=01;35:*.m4v=01;35:*.mp4v=01;35:*.vob=01;35:*.qt=01;35:*.nuv=01;35:*.wmv=01;35:*.asf=01;35:*.rm=01;35:*.rmvb=01;35:*.flc=01;35:*.avi=01;35:*.fli=01;35:*.flv=01;35:*.gl=01;35:*.dl=01;35:*.xcf=01;35:*.xwd=01;35:*.yuv=01;35:*.cgm=01;35:*.emf=01;35:*.ogv=01;35:*.ogx=01;35:*.aac=00;36:*.au=00;36:*.flac=00;36:*.m4a=00;36:*.mid=00;36:*.midi=00;36:*.mka=00;36:*.mp3=00;36:*.mpc=00;36:*.ogg=00;36:*.ra=00;36:*.wav=00;36:*.oga=00;36:*.opus=00;36:*.spx=00;36:*.xspf=00;36:'), ('GNOME_TERMINAL_SERVICE', ':1.93'), ('SSH_AUTH_SOCK', '/run/user/1000/keyring/ssh'), ('AMENT_PREFIX_PATH', '/home/haruki/dev_ws/install/turtlesim:/home/haruki/dev_ws/install/py_srvcli:/home/haruki/dev_ws/install/py_pubsub:/home/haruki/dev_ws/install/my_package:/opt/ros/foxy'), ('SHELL', '/bin/bash'), ('LC_NAME', 'ja_JP.UTF-8'), ('QT_ACCESSIBILITY', '1'), ('GDMSESSION', 'ubuntu'), ('LESSCLOSE', '/usr/bin/lesspipe %s %s'), ('LC_MEASUREMENT', 'ja_JP.UTF-8'), ('GPG_AGENT_INFO', '/run/user/1000/gnupg/S.gpg-agent:0:1'), ('GJS_DEBUG_OUTPUT', 'stderr'), ('LC_IDENTIFICATION', 'ja_JP.UTF-8'), ('QT_IM_MODULE', 'ibus'), ('PWD', '/home/haruki/dev_ws/build/tutorial_interfaces'), ('LC_ALL', 'en_US.UTF-8'), ('XDG_CONFIG_DIRS', '/etc/xdg/xdg-ubuntu:/etc/xdg'), ('CLUTTER_IM_MODULE', 'ibus'), ('XDG_DATA_DIRS', '/usr/share/ubuntu:/usr/local/share/:/usr/share/:/var/lib/snapd/desktop'), ('PYTHONPATH', '/home/haruki/dev_ws/install/turtlesim/lib/python3.8/site-packages:/home/haruki/dev_ws/install/py_srvcli/lib/python3.8/site-packages:/home/haruki/dev_ws/install/py_pubsub/lib/python3.8/site-packages:/opt/ros/foxy/lib/python3.8/site-packages'), ('LC_NUMERIC', 'ja_JP.UTF-8'), ('LC_PAPER', 'ja_JP.UTF-8'), ('COLCON', '1'), ('VTE_VERSION', '6001'), ('CMAKE_PREFIX_PATH', '/home/haruki/dev_ws/install/turtlesim:/home/haruki/dev_ws/install/my_package')]), 'shell': False}
[0.044356] (tutorial_interfaces) StdoutLine: {'line': b'-- Found ament_cmake: 0.9.6 (/opt/ros/foxy/share/ament_cmake/cmake)\n'}
[0.064198] (tutorial_interfaces) StdoutLine: {'line': b'-- Using PYTHON_EXECUTABLE: /usr/bin/python3\n'}
[0.099333] (-) TimerEvent: {}
[0.199569] (-) TimerEvent: {}
[0.212213] (tutorial_interfaces) StdoutLine: {'line': b'-- Found ament_lint_auto: 0.9.5 (/opt/ros/foxy/share/ament_lint_auto/cmake)\n'}
[0.248462] (tutorial_interfaces) StderrLine: {'line': b"Error parsing '/home/haruki/dev_ws/src/tutorial_interfaces/package.xml':\n"}
[0.281495] (tutorial_interfaces) StderrLine: {'line': b'Traceback (most recent call last):\n'}
[0.281616] (tutorial_interfaces) StderrLine: {'line': b'  File "/usr/lib/python3/dist-packages/catkin_pkg/package.py", line 596, in parse_package_string\n'}
[0.281675] (tutorial_interfaces) StderrLine: {'line': b'    root = dom.parseString(data)\n'}
[0.281726] (tutorial_interfaces) StderrLine: {'line': b'  File "/usr/lib/python3.8/xml/dom/minidom.py", line 1969, in parseString\n'}
[0.281775] (tutorial_interfaces) StderrLine: {'line': b'    return expatbuilder.parseString(string)\n'}
[0.281823] (tutorial_interfaces) StderrLine: {'line': b'  File "/usr/lib/python3.8/xml/dom/expatbuilder.py", line 925, in parseString\n'}
[0.281870] (tutorial_interfaces) StderrLine: {'line': b'    return builder.parseString(string)\n'}
[0.281917] (tutorial_interfaces) StderrLine: {'line': b'  File "/usr/lib/python3.8/xml/dom/expatbuilder.py", line 223, in parseString\n'}
[0.281964] (tutorial_interfaces) StderrLine: {'line': b'    parser.Parse(string, True)\n'}
[0.282011] (tutorial_interfaces) StderrLine: {'line': b'xml.parsers.expat.ExpatError: junk after document element: line 20, column 0\n'}
[0.282057] (tutorial_interfaces) StderrLine: {'line': b'\n'}
[0.282104] (tutorial_interfaces) StderrLine: {'line': b'During handling of the above exception, another exception occurred:\n'}
[0.282154] (tutorial_interfaces) StderrLine: {'line': b'\n'}
[0.282200] (tutorial_interfaces) StderrLine: {'line': b'Traceback (most recent call last):\n'}
[0.282246] (tutorial_interfaces) StderrLine: {'line': b'  File "/opt/ros/foxy/share/ament_cmake_core/cmake/core/package_xml_2_cmake.py", line 143, in <module>\n'}
[0.282292] (tutorial_interfaces) StderrLine: {'line': b'    main()\n'}
[0.282344] (tutorial_interfaces) StderrLine: {'line': b'  File "/opt/ros/foxy/share/ament_cmake_core/cmake/core/package_xml_2_cmake.py", line 52, in main\n'}
[0.282391] (tutorial_interfaces) StderrLine: {'line': b'    raise e\n'}
[0.282437] (tutorial_interfaces) StderrLine: {'line': b'  File "/opt/ros/foxy/share/ament_cmake_core/cmake/core/package_xml_2_cmake.py", line 48, in main\n'}
[0.282484] (tutorial_interfaces) StderrLine: {'line': b'    package = parse_package_string(\n'}
[0.282530] (tutorial_interfaces) StderrLine: {'line': b'  File "/usr/lib/python3/dist-packages/catkin_pkg/package.py", line 598, in parse_package_string\n'}
[0.282577] (tutorial_interfaces) StderrLine: {'line': b"    raise InvalidPackage('The manifest contains invalid XML:\\n%s' % ex, filename)\n"}
[0.282625] (tutorial_interfaces) StderrLine: {'line': b"catkin_pkg.package.InvalidPackage: Error(s) in package '/home/haruki/dev_ws/src/tutorial_interfaces/package.xml':\n"}
[0.282671] (tutorial_interfaces) StderrLine: {'line': b'The manifest contains invalid XML:\n'}
[0.282717] (tutorial_interfaces) StderrLine: {'line': b'junk after document element: line 20, column 0\n'}
[0.288664] (tutorial_interfaces) StderrLine: {'line': b'CMake Error at /opt/ros/foxy/share/ament_cmake_core/cmake/core/ament_package_xml.cmake:94 (message):\n'}
[0.288809] (tutorial_interfaces) StderrLine: {'line': b'  execute_process(/usr/bin/python3\n'}
[0.288905] (tutorial_interfaces) StderrLine: {'line': b'  /opt/ros/foxy/share/ament_cmake_core/cmake/core/package_xml_2_cmake.py\n'}
[0.288994] (tutorial_interfaces) StderrLine: {'line': b'  /home/haruki/dev_ws/src/tutorial_interfaces/package.xml\n'}
[0.289079] (tutorial_interfaces) StderrLine: {'line': b'  /home/haruki/dev_ws/build/tutorial_interfaces/ament_cmake_core/package.cmake)\n'}
[0.289195] (tutorial_interfaces) StderrLine: {'line': b'  returned error code 1\n'}
[0.289302] (tutorial_interfaces) StderrLine: {'line': b'Call Stack (most recent call first):\n'}
[0.289388] (tutorial_interfaces) StderrLine: {'line': b'  /opt/ros/foxy/share/ament_cmake_core/cmake/core/ament_package_xml.cmake:49 (_ament_package_xml)\n'}
[0.289514] (tutorial_interfaces) StderrLine: {'line': b'  /opt/ros/foxy/share/ament_lint_auto/cmake/ament_lint_auto_find_test_dependencies.cmake:31 (ament_package_xml)\n'}
[0.289600] (tutorial_interfaces) StderrLine: {'line': b'  CMakeLists.txt:32 (ament_lint_auto_find_test_dependencies)\n'}
[0.289694] (tutorial_interfaces) StderrLine: {'line': b'\n'}
[0.289778] (tutorial_interfaces) StderrLine: {'line': b'\n'}
[0.289854] (tutorial_interfaces) StdoutLine: {'line': b'-- Configuring incomplete, errors occurred!\n'}
[0.289937] (tutorial_interfaces) StdoutLine: {'line': b'See also "/home/haruki/dev_ws/build/tutorial_interfaces/CMakeFiles/CMakeOutput.log".\n'}
[0.291836] (tutorial_interfaces) CommandEnded: {'returncode': 1}
[0.292502] (tutorial_interfaces) JobEnded: {'identifier': 'tutorial_interfaces', 'rc': 1}
[0.300034] (-) TimerEvent: {}
[0.303158] (-) EventReactorShutdown: {}
